// Jest Snapshot v1, https://goo.gl/fbAQLP

exports[`Pages tests on android renders correctly 1`] = `
<View
  style={
    Object {
      "alignItems": "center",
      "flex": 1,
      "flexBasis": "100%",
      "justifyContent": "center",
    }
  }
>
  <ActivityIndicator
    animating={true}
    color={undefined}
    hidesWhenStopped={true}
    size="large"
  />
</View>
`;
