// Jest Snapshot v1, https://goo.gl/fbAQLP

exports[`1. renders inner component with page 1 1`] = `
<div>
  {
  "page": 1
}
</div>
`;
